14:01:12 **** Incremental Build of configuration Debug for project SmartKey ****
make -j8 all 
arm-none-eabi-gcc "../Drivers/STM32F1xx_HAL_Driver/Src/stm32f1xx_hal_spi.c" -mcpu=cortex-m3 -std=gnu11 -g3 -DDEBUG -DUSE_HAL_DRIVER -DSTM32F103xB -c -I../Core/Inc -I../Drivers/STM32F1xx_HAL_Driver/Inc -I../Drivers/STM32F1xx_HAL_Driver/Inc/Legacy -I../Drivers/CMSIS/Device/ST/STM32F1xx/Include -I../Drivers/CMSIS/Include -I"C:/Users/kha/OneDrive - 125891845/Desktop/SmartKey_CubeIDE/user" -O0 -ffunction-sections -fdata-sections -Wall -fstack-usage -fcyclomatic-complexity -MMD -MP -MF"Drivers/STM32F1xx_HAL_Driver/Src/stm32f1xx_hal_spi.d" -MT"Drivers/STM32F1xx_HAL_Driver/Src/stm32f1xx_hal_spi.o" --specs=nano.specs -mfloat-abi=soft -mthumb -o "Drivers/STM32F1xx_HAL_Driver/Src/stm32f1xx_hal_spi.o"
arm-none-eabi-gcc -o "SmartKey.elf" @"objects.list"   -mcpu=cortex-m3 -T"C:\Users\kha\OneDrive - 125891845\Desktop\SmartKey_CubeIDE\STM32F103C8TX_FLASH.ld" --specs=nosys.specs -Wl,-Map="SmartKey.map" -Wl,--gc-sections -static --specs=nano.specs -mfloat-abi=soft -mthumb -Wl,--start-group -lc -lm -Wl,--end-group
Finished building target: SmartKey.elf
 
arm-none-eabi-size  SmartKey.elf 
arm-none-eabi-objdump -h -S SmartKey.elf  > "SmartKey.list"
   text	   data	    bss	    dec	    hex	filename
   8496	     12	   1772	  10280	   2828	SmartKey.elf
Finished building: default.size.stdout
 
arm-none-eabi-objdump: Warning: source file C:/Users/kha/OneDrive - 125891845/Desktop/SmartKey_CubeIDE/Debug/../Drivers/STM32F1xx_HAL_Driver/Src/stm32f1xx_hal_spi.c is more recent than object file
Finished building: SmartKey.list
 

14:01:15 Build Finished. 0 errors, 0 warnings. (took 2s.483ms)

